[0m16:14:46.780700 [debug] [MainThread]: Sending event: {'category': 'dbt', 'action': 'invocation', 'label': 'start', 'context': [<snowplow_tracker.self_describing_json.SelfDescribingJson object at 0x0000021F72A53B60>, <snowplow_tracker.self_describing_json.SelfDescribingJson object at 0x0000021F71393C50>, <snowplow_tracker.self_describing_json.SelfDescribingJson object at 0x0000021F7634F890>]}


============================== 16:14:46.831037 | b0b5ceb8-290b-42c4-9bff-3c0dd0f73d54 ==============================
[0m16:14:46.831037 [info ] [MainThread]: Running with dbt=1.12.5
[0m16:14:46.832111 [debug] [MainThread]: running dbt with arguments {'maximum_seed_size_mib': '1', 'no_print': 'None', 'version_check': 'True', 'warn_error_options': 'WarnErrorOptionsV2(error=[], warn=[], silence=[])', 'static_parser': 'True', 'target_path': 'None', 'printer_width': '80', 'write_json': 'True', 'empty': 'None', 'log_cache_events': 'False', 'introspect': 'True', 'cache_selected_only': 'False', 'log_format': 'default', 'debug': 'False', 'fail_fast': 'False', 'profiles_dir': 'C:\\Users\\HP\\.dbt', 'send_anonymous_usage_stats': 'True', 'quiet': 'False', 'warn_error': 'None', 'partial_parse': 'True', 'invocation_command': 'dbt init', 'hints_enabled': 'True', 'indirect_selection': 'eager', 'use_experimental_parser': 'False', 'use_colors': 'True', 'log_path': 'logs'}
[0m16:16:49.671058 [debug] [MainThread]: Starter project path: C:\Users\HP\AWS_DBT_SNOWFLAKE_PROJECT\.venv\Lib\site-packages\dbt\include\starter_project
[0m16:16:49.745514 [info ] [MainThread]: Setting up your profile.
[0m16:17:00.790486 [debug] [MainThread]: Snowflake adapter: Setting snowflake.connector to ERROR (file logging only)
[0m16:17:00.791309 [debug] [MainThread]: Snowflake adapter: Setting botocore to ERROR (file logging only)
[0m16:17:00.791910 [debug] [MainThread]: Snowflake adapter: Setting boto3 to ERROR (file logging only)
[0m16:21:26.535873 [info ] [MainThread]: Profile aws_dbt_snowflake_project written to C:\Users\HP\.dbt\profiles.yml using target's profile_template.yml and your supplied values.
[0m16:21:26.555637 [info ] [MainThread]: Running dbt debug to validate the project...
[0m16:21:26.557048 [info ] [MainThread]: dbt version: 1.12.5
[0m16:21:26.557632 [info ] [MainThread]: python version: 3.14.4
[0m16:21:26.558139 [info ] [MainThread]: python path: C:\Users\HP\AWS_DBT_SNOWFLAKE_PROJECT\.venv\Scripts\python.exe
[0m16:21:26.558692 [info ] [MainThread]: os info: Windows-11-10.0.26200-SP0
[0m16:21:26.640681 [info ] [MainThread]: Using profiles dir at C:\Users\HP\.dbt
[0m16:21:26.641262 [info ] [MainThread]: Using profiles.yml file at C:\Users\HP\.dbt\profiles.yml
[0m16:21:26.641778 [info ] [MainThread]: Using dbt_project.yml file at C:\Users\HP\AWS_DBT_SNOWFLAKE_PROJECT\aws_dbt_snowflake_project\dbt_project.yml
[0m16:21:26.644216 [info ] [MainThread]: adapter type: snowflake
[0m16:21:26.644773 [info ] [MainThread]: adapter version: 1.12.1
[0m16:21:26.775190 [info ] [MainThread]: Configuration:
[0m16:21:26.775912 [info ] [MainThread]:   profiles.yml file [[32mOK found and valid[0m]
[0m16:21:26.776486 [info ] [MainThread]:   dbt_project.yml file [[32mOK found and valid[0m]
[0m16:21:26.777033 [info ] [MainThread]: Required dependencies:
[0m16:21:26.777619 [debug] [MainThread]: Executing "git --help"
[0m16:21:26.828786 [debug] [MainThread]: STDOUT: "b"usage: git [-v | --version] [-h | --help] [-C <path>] [-c <name>=<value>]\n           [--exec-path[=<path>]] [--html-path] [--man-path] [--info-path]\n           [-p | --paginate | -P | --no-pager] [--no-replace-objects] [--no-lazy-fetch]\n           [--no-optional-locks] [--no-advice] [--bare] [--git-dir=<path>]\n           [--work-tree=<path>] [--namespace=<name>] [--config-env=<name>=<envvar>]\n           <command> [<args>]\n\nThese are common Git commands used in various situations:\n\nstart a working area (see also: git help tutorial)\n   clone      Clone a repository into a new directory\n   init       Create an empty Git repository or reinitialize an existing one\n\nwork on the current change (see also: git help everyday)\n   add        Add file contents to the index\n   mv         Move or rename a file, a directory, or a symlink\n   restore    Restore working tree files\n   rm         Remove files from the working tree and from the index\n\nexamine the history and state (see also: git help revisions)\n   bisect     Use binary search to find the commit that introduced a bug\n   diff       Show changes between commits, commit and working tree, etc\n   grep       Print lines matching a pattern\n   log        Show commit logs\n   show       Show various types of objects\n   status     Show the working tree status\n\ngrow, mark and tweak your common history\n   backfill   Download missing objects in a partial clone\n   branch     List, create, or delete branches\n   commit     Record changes to the repository\n   history    EXPERIMENTAL: Rewrite history\n   merge      Join two or more development histories together\n   rebase     Reapply commits on top of another base tip\n   reset      Set `HEAD` or the index to a known state\n   switch     Switch branches\n   tag        Create, list, delete or verify tags\n\ncollaborate (see also: git help workflows)\n   fetch      Download objects and refs from another repository\n   pull       Fetch from and integrate with another repository or a local branch\n   push       Update remote refs along with associated objects\n\n'git help -a' and 'git help -g' list available subcommands and some\nconcept guides. See 'git help <command>' or 'git help <concept>'\nto read about a specific subcommand or concept.\nSee 'git help git' for an overview of the system.\n""
[0m16:21:26.829395 [debug] [MainThread]: STDERR: "b''"
[0m16:21:26.829838 [info ] [MainThread]:  - git [[32mOK found[0m]

[0m16:21:26.830307 [info ] [MainThread]: Connection:
[0m16:21:26.830751 [info ] [MainThread]:   account: NW33914
[0m16:21:26.831144 [info ] [MainThread]:   user: MEENUPRIYAVELAYUDHAN
[0m16:21:26.831617 [info ] [MainThread]:   database: AIRBNB
[0m16:21:26.832079 [info ] [MainThread]:   warehouse: COMPUTE_WH
[0m16:21:26.832716 [info ] [MainThread]:   role: ACCOUNTADMIN
[0m16:21:26.833570 [info ] [MainThread]:   schema: STAGING
[0m16:21:26.834071 [info ] [MainThread]:   authenticator: None
[0m16:21:26.834488 [info ] [MainThread]:   oauth_client_id: None
[0m16:21:26.834874 [info ] [MainThread]:   query_tag: None
[0m16:21:26.835255 [info ] [MainThread]:   client_session_keep_alive: False
[0m16:21:26.835672 [info ] [MainThread]:   host: None
[0m16:21:26.836116 [info ] [MainThread]:   port: None
[0m16:21:26.836546 [info ] [MainThread]:   proxy_host: None
[0m16:21:26.837009 [info ] [MainThread]:   proxy_port: None
[0m16:21:26.837438 [info ] [MainThread]:   protocol: None
[0m16:21:26.837863 [info ] [MainThread]:   connect_retries: 1
[0m16:21:26.838281 [info ] [MainThread]:   connect_timeout: None
[0m16:21:26.838661 [info ] [MainThread]:   retry_on_database_errors: False
[0m16:21:26.839033 [info ] [MainThread]:   retry_all: False
[0m16:21:26.839394 [info ] [MainThread]:   insecure_mode: False
[0m16:21:26.839753 [info ] [MainThread]:   reuse_connections: True
[0m16:21:26.840176 [info ] [MainThread]:   s3_stage_vpce_dns_name: None
[0m16:21:26.840638 [info ] [MainThread]:   workload_identity_provider: None
[0m16:21:26.841236 [info ] [MainThread]:   workload_identity_entra_resource: None
[0m16:21:26.841890 [info ] [MainThread]:   platform_detection_timeout_seconds: 0.0
[0m16:21:26.842720 [info ] [MainThread]: Registered adapter: snowflake=1.12.1
[0m16:21:27.204376 [debug] [MainThread]: Acquiring new snowflake connection 'debug'
[0m16:21:27.211312 [debug] [MainThread]: Using snowflake connection "debug"
[0m16:21:27.211734 [debug] [MainThread]: On debug: select 1 as id
[0m16:21:27.212051 [debug] [MainThread]: Opening a new connection, currently in state init
[0m16:21:29.439409 [debug] [MainThread]: Snowflake adapter: Error running SQL: select 1 as id
[0m16:21:29.439985 [debug] [MainThread]: Snowflake adapter: Rolling back transaction.
[0m16:21:29.441944 [info ] [MainThread]:   Connection test: [[31mERROR[0m]

[0m16:21:29.442778 [info ] [MainThread]: [31m1 check failed:[0m
[0m16:21:29.443526 [info ] [MainThread]: dbt was unable to connect to the specified database.
The database returned the following error:

  >Database Error
  290404 (08001): 404 Not Found: post NW33914.snowflakecomputing.com:443/session/v1/login-request

Check your database credentials and try again. For more information, visit:
https://docs.getdbt.com/docs/configure-your-profile


[0m16:21:29.444367 [info ] [MainThread]: Your new dbt project "aws_dbt_snowflake_project" was created!
Initialized new project in C:\Users\HP\AWS_DBT_SNOWFLAKE_PROJECT\aws_dbt_snowflake_project\aws_dbt_snowflake_project

For more information on how to configure the profiles.yml file,
please consult the dbt documentation here:

  https://docs.getdbt.com/docs/configure-your-profile

One more thing:

Need help? Don't hesitate to reach out to us via GitHub issues or on Slack:

  https://community.getdbt.com/

Happy modeling!

[0m16:21:29.445131 [info ] [MainThread]: [31mYour profile may need adjustments. You can find the logs of `dbt debug` above[0m
[0m16:21:29.446849 [debug] [MainThread]: Command `dbt init` succeeded at 16:21:29.446667 after 402.86 seconds
[0m16:21:29.447296 [debug] [MainThread]: Connection 'debug' was left open.
[0m16:21:29.447704 [debug] [MainThread]: On debug: No close available on handle
[0m16:21:29.448150 [debug] [MainThread]: Sending event: {'category': 'dbt', 'action': 'invocation', 'label': 'end', 'context': [<snowplow_tracker.self_describing_json.SelfDescribingJson object at 0x0000021F750F2780>, <snowplow_tracker.self_describing_json.SelfDescribingJson object at 0x0000021F78542E70>, <snowplow_tracker.self_describing_json.SelfDescribingJson object at 0x0000021F784DCC00>]}
[0m16:21:29.448671 [debug] [MainThread]: Flushing usage events
[0m16:21:29.802707 [debug] [MainThread]: An error was encountered while trying to flush usage events
[0m11:10:20.872824 [debug] [MainThread]: Sending event: {'category': 'dbt', 'action': 'invocation', 'label': 'start', 'context': [<snowplow_tracker.self_describing_json.SelfDescribingJson object at 0x0000020AFA2CE660>, <snowplow_tracker.self_describing_json.SelfDescribingJson object at 0x0000020AF7ED11D0>, <snowplow_tracker.self_describing_json.SelfDescribingJson object at 0x0000020AFCBD79D0>]}


============================== 11:10:20.879889 | 3528bfd1-8050-40e2-9575-eff375bd52e0 ==============================
[0m11:10:20.879889 [info ] [MainThread]: Running with dbt=1.12.5
[0m11:10:20.880615 [debug] [MainThread]: running dbt with arguments {'static_parser': 'True', 'no_print': 'None', 'maximum_seed_size_mib': '1', 'warn_error_options': 'WarnErrorOptionsV2(error=[], warn=[], silence=[])', 'target_path': 'None', 'version_check': 'True', 'printer_width': '80', 'write_json': 'True', 'introspect': 'True', 'log_cache_events': 'False', 'empty': 'None', 'cache_selected_only': 'False', 'log_format': 'default', 'debug': 'False', 'fail_fast': 'False', 'profiles_dir': 'C:\\Users\\HP\\.dbt', 'send_anonymous_usage_stats': 'True', 'quiet': 'False', 'warn_error': 'None', 'partial_parse': 'True', 'invocation_command': 'dbt init', 'hints_enabled': 'True', 'use_colors': 'True', 'use_experimental_parser': 'False', 'indirect_selection': 'eager', 'log_path': 'logs'}
[0m11:10:38.533104 [info ] [MainThread]: A project called aws_dbt_snowflake_project already exists here.
[0m11:10:38.534388 [debug] [MainThread]: Command `dbt init` succeeded at 11:10:38.534237 after 17.82 seconds
[0m11:10:38.534764 [debug] [MainThread]: Sending event: {'category': 'dbt', 'action': 'invocation', 'label': 'end', 'context': [<snowplow_tracker.self_describing_json.SelfDescribingJson object at 0x0000020AFCA6CB00>, <snowplow_tracker.self_describing_json.SelfDescribingJson object at 0x0000020AFC9FB650>, <snowplow_tracker.self_describing_json.SelfDescribingJson object at 0x0000020AFCBE6CF0>]}
[0m11:10:38.535162 [debug] [MainThread]: Flushing usage events
[0m11:10:41.262366 [debug] [MainThread]: An error was encountered while trying to flush usage events
[0m11:42:50.337477 [debug] [MainThread]: Sending event: {'category': 'dbt', 'action': 'invocation', 'label': 'start', 'context': [<snowplow_tracker.self_describing_json.SelfDescribingJson object at 0x00000191FBCAE660>, <snowplow_tracker.self_describing_json.SelfDescribingJson object at 0x00000191F98C11D0>, <snowplow_tracker.self_describing_json.SelfDescribingJson object at 0x00000191FE5B79D0>]}


============================== 11:42:50.345294 | 79412c5e-1b08-4913-82bb-8d0e68ea178b ==============================
[0m11:42:50.345294 [info ] [MainThread]: Running with dbt=1.12.5
[0m11:42:50.346036 [debug] [MainThread]: running dbt with arguments {'maximum_seed_size_mib': '1', 'no_print': 'None', 'version_check': 'True', 'target_path': 'None', 'static_parser': 'True', 'warn_error_options': 'WarnErrorOptionsV2(error=[], warn=[], silence=[])', 'printer_width': '80', 'write_json': 'True', 'empty': 'None', 'log_cache_events': 'False', 'introspect': 'True', 'cache_selected_only': 'False', 'log_format': 'default', 'debug': 'False', 'fail_fast': 'False', 'partial_parse': 'True', 'send_anonymous_usage_stats': 'True', 'quiet': 'False', 'warn_error': 'None', 'profiles_dir': 'C:\\Users\\HP\\.dbt', 'use_colors': 'True', 'hints_enabled': 'True', 'indirect_selection': 'eager', 'use_experimental_parser': 'False', 'invocation_command': 'dbt init', 'log_path': 'logs'}
[0m11:43:07.634941 [info ] [MainThread]: A project called aws_dbt_snowflake_project already exists here.
[0m11:43:07.637552 [debug] [MainThread]: Command `dbt init` succeeded at 11:43:07.637253 after 17.53 seconds
[0m11:43:07.638469 [debug] [MainThread]: Sending event: {'category': 'dbt', 'action': 'invocation', 'label': 'end', 'context': [<snowplow_tracker.self_describing_json.SelfDescribingJson object at 0x00000191FE44CB00>, <snowplow_tracker.self_describing_json.SelfDescribingJson object at 0x00000191FE3DB650>, <snowplow_tracker.self_describing_json.SelfDescribingJson object at 0x00000191FE5C6CF0>]}
[0m11:43:07.639350 [debug] [MainThread]: Flushing usage events
[0m11:43:08.239504 [debug] [MainThread]: An error was encountered while trying to flush usage events
[0m12:04:12.483121 [debug] [MainThread]: Sending event: {'category': 'dbt', 'action': 'invocation', 'label': 'start', 'context': [<snowplow_tracker.self_describing_json.SelfDescribingJson object at 0x0000014D4726E660>, <snowplow_tracker.self_describing_json.SelfDescribingJson object at 0x0000014D44E71310>, <snowplow_tracker.self_describing_json.SelfDescribingJson object at 0x0000014D49B779D0>]}


============================== 12:04:12.487690 | 67ebb4d8-b6cc-4833-8835-f184eeb5693b ==============================
[0m12:04:12.487690 [info ] [MainThread]: Running with dbt=1.12.5
[0m12:04:12.488460 [debug] [MainThread]: running dbt with arguments {'static_parser': 'True', 'no_print': 'None', 'maximum_seed_size_mib': '1', 'warn_error_options': 'WarnErrorOptionsV2(error=[], warn=[], silence=[])', 'target_path': 'None', 'version_check': 'True', 'printer_width': '80', 'write_json': 'True', 'empty': 'None', 'log_cache_events': 'False', 'introspect': 'True', 'cache_selected_only': 'False', 'fail_fast': 'False', 'debug': 'False', 'log_format': 'default', 'partial_parse': 'True', 'send_anonymous_usage_stats': 'True', 'quiet': 'False', 'warn_error': 'None', 'profiles_dir': 'C:\\Users\\HP\\.dbt', 'indirect_selection': 'eager', 'hints_enabled': 'True', 'use_colors': 'True', 'use_experimental_parser': 'False', 'invocation_command': 'dbt init', 'log_path': 'logs'}
[0m12:04:51.527742 [debug] [MainThread]: Starter project path: C:\Users\HP\AWS_DBT_SNOWFLAKE_PROJECT\.venv\Lib\site-packages\dbt\include\starter_project
[0m12:04:51.582961 [info ] [MainThread]: Setting up your profile.
[0m12:05:12.985237 [debug] [MainThread]: Snowflake adapter: Setting snowflake.connector to ERROR (file logging only)
[0m12:05:12.985906 [debug] [MainThread]: Snowflake adapter: Setting botocore to ERROR (file logging only)
[0m12:05:12.986478 [debug] [MainThread]: Snowflake adapter: Setting boto3 to ERROR (file logging only)
[0m12:22:07.262840 [error] [MainThread]: [[31mERROR[0m]: Encountered an error:

[0m12:22:07.386946 [error] [MainThread]: Traceback (most recent call last):
  File "C:\Users\HP\AWS_DBT_SNOWFLAKE_PROJECT\.venv\Lib\site-packages\dbt\cli\requires.py", line 198, in wrapper
    result, success = func(*args, **kwargs)
                      ~~~~^^^^^^^^^^^^^^^^^
  File "C:\Users\HP\AWS_DBT_SNOWFLAKE_PROJECT\.venv\Lib\site-packages\dbt\cli\requires.py", line 144, in wrapper
    return func(*args, **kwargs)
  File "C:\Users\HP\AWS_DBT_SNOWFLAKE_PROJECT\.venv\Lib\site-packages\dbt\cli\main.py", line 504, in init
    results = task.run()
  File "C:\Users\HP\AWS_DBT_SNOWFLAKE_PROJECT\.venv\Lib\site-packages\dbt\task\init.py", line 363, in run
    self.setup_profile(profile_name)
    ~~~~~~~~~~~~~~~~~~^^^^^^^^^^^^^^
  File "C:\Users\HP\AWS_DBT_SNOWFLAKE_PROJECT\.venv\Lib\site-packages\dbt\task\init.py", line 265, in setup_profile
    self.create_profile_from_target(adapter, profile_name=profile_name)
    ~~~~~~~~~~~~~~~~~~~~~~~~~~~~~~~^^^^^^^^^^^^^^^^^^^^^^^^^^^^^^^^^^^^
  File "C:\Users\HP\AWS_DBT_SNOWFLAKE_PROJECT\.venv\Lib\site-packages\dbt\task\init.py", line 182, in create_profile_from_target
    self.create_profile_from_profile_template(profile_template, profile_name)
    ~~~~~~~~~~~~~~~~~~~~~~~~~~~~~~~~~~~~~~~~~^^^^^^^^^^^^^^^^^^^^^^^^^^^^^^^^
  File "C:\Users\HP\AWS_DBT_SNOWFLAKE_PROJECT\.venv\Lib\site-packages\dbt\task\init.py", line 166, in create_profile_from_profile_template
    target = self.generate_target_from_input(prompts, initial_target)
  File "C:\Users\HP\AWS_DBT_SNOWFLAKE_PROJECT\.venv\Lib\site-packages\dbt\task\init.py", line 132, in generate_target_from_input
    target[key] = click.prompt(
                  ~~~~~~~~~~~~^
        text, default=default, hide_input=hide_input, type=type
        ^^^^^^^^^^^^^^^^^^^^^^^^^^^^^^^^^^^^^^^^^^^^^^^^^^^^^^^
    )
    ^
  File "C:\Users\HP\AWS_DBT_SNOWFLAKE_PROJECT\.venv\Lib\site-packages\click\termui.py", line 262, in prompt
    value = prompt_func(prompt)
  File "C:\Users\HP\AWS_DBT_SNOWFLAKE_PROJECT\.venv\Lib\site-packages\click\termui.py", line 245, in prompt_func
    raise Abort() from None
click.exceptions.Abort

[0m12:22:07.390608 [debug] [MainThread]: Command `dbt init` failed at 12:22:07.390321 after 1075.07 seconds
[0m12:22:07.391438 [debug] [MainThread]: Sending event: {'category': 'dbt', 'action': 'invocation', 'label': 'end', 'context': [<snowplow_tracker.self_describing_json.SelfDescribingJson object at 0x0000014D4B7A0510>, <snowplow_tracker.self_describing_json.SelfDescribingJson object at 0x0000014D4B4F1D90>, <snowplow_tracker.self_describing_json.SelfDescribingJson object at 0x0000014D4B784380>]}
[0m12:22:07.392295 [debug] [MainThread]: Flushing usage events
[0m12:22:07.774787 [debug] [MainThread]: An error was encountered while trying to flush usage events
[0m12:22:27.000457 [debug] [MainThread]: Sending event: {'category': 'dbt', 'action': 'invocation', 'label': 'start', 'context': [<snowplow_tracker.self_describing_json.SelfDescribingJson object at 0x000002A08326E660>, <snowplow_tracker.self_describing_json.SelfDescribingJson object at 0x000002A080E611D0>, <snowplow_tracker.self_describing_json.SelfDescribingJson object at 0x000002A085B779D0>]}


============================== 12:22:27.005311 | 2519407d-8a8f-4ca7-a019-4191360ad392 ==============================
[0m12:22:27.005311 [info ] [MainThread]: Running with dbt=1.12.5
[0m12:22:27.005975 [debug] [MainThread]: running dbt with arguments {'static_parser': 'True', 'no_print': 'None', 'version_check': 'True', 'warn_error_options': 'WarnErrorOptionsV2(error=[], warn=[], silence=[])', 'target_path': 'None', 'maximum_seed_size_mib': '1', 'printer_width': '80', 'write_json': 'True', 'introspect': 'True', 'log_cache_events': 'False', 'empty': 'None', 'cache_selected_only': 'False', 'fail_fast': 'False', 'debug': 'False', 'log_format': 'default', 'partial_parse': 'True', 'send_anonymous_usage_stats': 'True', 'quiet': 'False', 'warn_error': 'None', 'profiles_dir': 'C:\\Users\\HP\\.dbt', 'indirect_selection': 'eager', 'hints_enabled': 'True', 'use_colors': 'True', 'use_experimental_parser': 'False', 'invocation_command': 'dbt init', 'log_path': 'logs'}
[0m12:22:39.079050 [debug] [MainThread]: Starter project path: C:\Users\HP\AWS_DBT_SNOWFLAKE_PROJECT\.venv\Lib\site-packages\dbt\include\starter_project
[0m12:22:39.102513 [info ] [MainThread]: Setting up your profile.
[0m12:22:45.702369 [debug] [MainThread]: Snowflake adapter: Setting snowflake.connector to ERROR (file logging only)
[0m12:22:45.702890 [debug] [MainThread]: Snowflake adapter: Setting botocore to ERROR (file logging only)
[0m12:22:45.703367 [debug] [MainThread]: Snowflake adapter: Setting boto3 to ERROR (file logging only)
[0m12:23:44.663334 [error] [MainThread]: [[31mERROR[0m]: Encountered an error:

[0m12:23:44.676237 [error] [MainThread]: Traceback (most recent call last):
  File "C:\Users\HP\AWS_DBT_SNOWFLAKE_PROJECT\.venv\Lib\site-packages\dbt\cli\requires.py", line 198, in wrapper
    result, success = func(*args, **kwargs)
                      ~~~~^^^^^^^^^^^^^^^^^
  File "C:\Users\HP\AWS_DBT_SNOWFLAKE_PROJECT\.venv\Lib\site-packages\dbt\cli\requires.py", line 144, in wrapper
    return func(*args, **kwargs)
  File "C:\Users\HP\AWS_DBT_SNOWFLAKE_PROJECT\.venv\Lib\site-packages\dbt\cli\main.py", line 504, in init
    results = task.run()
  File "C:\Users\HP\AWS_DBT_SNOWFLAKE_PROJECT\.venv\Lib\site-packages\dbt\task\init.py", line 363, in run
    self.setup_profile(profile_name)
    ~~~~~~~~~~~~~~~~~~^^^^^^^^^^^^^^
  File "C:\Users\HP\AWS_DBT_SNOWFLAKE_PROJECT\.venv\Lib\site-packages\dbt\task\init.py", line 265, in setup_profile
    self.create_profile_from_target(adapter, profile_name=profile_name)
    ~~~~~~~~~~~~~~~~~~~~~~~~~~~~~~~^^^^^^^^^^^^^^^^^^^^^^^^^^^^^^^^^^^^
  File "C:\Users\HP\AWS_DBT_SNOWFLAKE_PROJECT\.venv\Lib\site-packages\dbt\task\init.py", line 182, in create_profile_from_target
    self.create_profile_from_profile_template(profile_template, profile_name)
    ~~~~~~~~~~~~~~~~~~~~~~~~~~~~~~~~~~~~~~~~~^^^^^^^^^^^^^^^^^^^^^^^^^^^^^^^^
  File "C:\Users\HP\AWS_DBT_SNOWFLAKE_PROJECT\.venv\Lib\site-packages\dbt\task\init.py", line 166, in create_profile_from_profile_template
    target = self.generate_target_from_input(prompts, initial_target)
  File "C:\Users\HP\AWS_DBT_SNOWFLAKE_PROJECT\.venv\Lib\site-packages\dbt\task\init.py", line 132, in generate_target_from_input
    target[key] = click.prompt(
                  ~~~~~~~~~~~~^
        text, default=default, hide_input=hide_input, type=type
        ^^^^^^^^^^^^^^^^^^^^^^^^^^^^^^^^^^^^^^^^^^^^^^^^^^^^^^^
    )
    ^
  File "C:\Users\HP\AWS_DBT_SNOWFLAKE_PROJECT\.venv\Lib\site-packages\click\termui.py", line 262, in prompt
    value = prompt_func(prompt)
  File "C:\Users\HP\AWS_DBT_SNOWFLAKE_PROJECT\.venv\Lib\site-packages\click\termui.py", line 245, in prompt_func
    raise Abort() from None
click.exceptions.Abort

[0m12:23:44.680947 [debug] [MainThread]: Command `dbt init` failed at 12:23:44.680656 after 77.89 seconds
[0m12:23:44.681718 [debug] [MainThread]: Sending event: {'category': 'dbt', 'action': 'invocation', 'label': 'end', 'context': [<snowplow_tracker.self_describing_json.SelfDescribingJson object at 0x000002A0877D0510>, <snowplow_tracker.self_describing_json.SelfDescribingJson object at 0x000002A087521D90>, <snowplow_tracker.self_describing_json.SelfDescribingJson object at 0x000002A0877B4380>]}
[0m12:23:44.682548 [debug] [MainThread]: Flushing usage events
[0m12:23:45.080441 [debug] [MainThread]: An error was encountered while trying to flush usage events
[0m12:45:32.921333 [debug] [MainThread]: Sending event: {'category': 'dbt', 'action': 'invocation', 'label': 'start', 'context': [<snowplow_tracker.self_describing_json.SelfDescribingJson object at 0x0000017D81BDE660>, <snowplow_tracker.self_describing_json.SelfDescribingJson object at 0x0000017DFF7E11D0>, <snowplow_tracker.self_describing_json.SelfDescribingJson object at 0x0000017D844E79D0>]}


============================== 12:45:32.925978 | 569e835f-39ed-418e-b127-6529c90159ce ==============================
[0m12:45:32.925978 [info ] [MainThread]: Running with dbt=1.12.5
[0m12:45:32.926693 [debug] [MainThread]: running dbt with arguments {'maximum_seed_size_mib': '1', 'no_print': 'None', 'static_parser': 'True', 'target_path': 'None', 'version_check': 'True', 'warn_error_options': 'WarnErrorOptionsV2(error=[], warn=[], silence=[])', 'printer_width': '80', 'write_json': 'True', 'introspect': 'True', 'log_cache_events': 'False', 'empty': 'None', 'cache_selected_only': 'False', 'fail_fast': 'False', 'debug': 'False', 'log_format': 'default', 'partial_parse': 'True', 'send_anonymous_usage_stats': 'True', 'quiet': 'False', 'warn_error': 'None', 'profiles_dir': 'C:\\Users\\HP\\.dbt', 'indirect_selection': 'eager', 'hints_enabled': 'True', 'use_colors': 'True', 'use_experimental_parser': 'False', 'invocation_command': 'dbt init', 'log_path': 'logs'}
[0m12:45:41.921262 [debug] [MainThread]: Starter project path: C:\Users\HP\AWS_DBT_SNOWFLAKE_PROJECT\.venv\Lib\site-packages\dbt\include\starter_project
[0m12:45:41.949195 [info ] [MainThread]: Setting up your profile.
[0m12:45:50.060214 [debug] [MainThread]: Snowflake adapter: Setting snowflake.connector to ERROR (file logging only)
[0m12:45:50.060728 [debug] [MainThread]: Snowflake adapter: Setting botocore to ERROR (file logging only)
[0m12:45:50.061088 [debug] [MainThread]: Snowflake adapter: Setting boto3 to ERROR (file logging only)
[0m12:47:47.989563 [info ] [MainThread]: Profile aws_dbt_snowflake_project written to C:\Users\HP\.dbt\profiles.yml using target's profile_template.yml and your supplied values.
[0m12:47:48.003779 [info ] [MainThread]: Running dbt debug to validate the project...
[0m12:47:48.005248 [info ] [MainThread]: dbt version: 1.12.5
[0m12:47:48.006045 [info ] [MainThread]: python version: 3.14.4
[0m12:47:48.007009 [info ] [MainThread]: python path: C:\Users\HP\AWS_DBT_SNOWFLAKE_PROJECT\.venv\Scripts\python.exe
[0m12:47:48.008065 [info ] [MainThread]: os info: Windows-11-10.0.26200-SP0
[0m12:47:48.089680 [info ] [MainThread]: Using profiles dir at C:\Users\HP\.dbt
[0m12:47:48.090330 [info ] [MainThread]: Using profiles.yml file at C:\Users\HP\.dbt\profiles.yml
[0m12:47:48.090899 [info ] [MainThread]: Using dbt_project.yml file at C:\Users\HP\AWS_DBT_SNOWFLAKE_PROJECT\aws_dbt_snowflake_project\dbt_project.yml
[0m12:47:48.092407 [info ] [MainThread]: adapter type: snowflake
[0m12:47:48.092883 [info ] [MainThread]: adapter version: 1.12.1
[0m12:47:48.216927 [info ] [MainThread]: Configuration:
[0m12:47:48.217598 [info ] [MainThread]:   profiles.yml file [[32mOK found and valid[0m]
[0m12:47:48.218101 [info ] [MainThread]:   dbt_project.yml file [[32mOK found and valid[0m]
[0m12:47:48.218576 [info ] [MainThread]: Required dependencies:
[0m12:47:48.219112 [debug] [MainThread]: Executing "git --help"
[0m12:47:48.269385 [debug] [MainThread]: STDOUT: "b"usage: git [-v | --version] [-h | --help] [-C <path>] [-c <name>=<value>]\n           [--exec-path[=<path>]] [--html-path] [--man-path] [--info-path]\n           [-p | --paginate | -P | --no-pager] [--no-replace-objects] [--no-lazy-fetch]\n           [--no-optional-locks] [--no-advice] [--bare] [--git-dir=<path>]\n           [--work-tree=<path>] [--namespace=<name>] [--config-env=<name>=<envvar>]\n           <command> [<args>]\n\nThese are common Git commands used in various situations:\n\nstart a working area (see also: git help tutorial)\n   clone      Clone a repository into a new directory\n   init       Create an empty Git repository or reinitialize an existing one\n\nwork on the current change (see also: git help everyday)\n   add        Add file contents to the index\n   mv         Move or rename a file, a directory, or a symlink\n   restore    Restore working tree files\n   rm         Remove files from the working tree and from the index\n\nexamine the history and state (see also: git help revisions)\n   bisect     Use binary search to find the commit that introduced a bug\n   diff       Show changes between commits, commit and working tree, etc\n   grep       Print lines matching a pattern\n   log        Show commit logs\n   show       Show various types of objects\n   status     Show the working tree status\n\ngrow, mark and tweak your common history\n   backfill   Download missing objects in a partial clone\n   branch     List, create, or delete branches\n   commit     Record changes to the repository\n   history    EXPERIMENTAL: Rewrite history\n   merge      Join two or more development histories together\n   rebase     Reapply commits on top of another base tip\n   reset      Set `HEAD` or the index to a known state\n   switch     Switch branches\n   tag        Create, list, delete or verify tags\n\ncollaborate (see also: git help workflows)\n   fetch      Download objects and refs from another repository\n   pull       Fetch from and integrate with another repository or a local branch\n   push       Update remote refs along with associated objects\n\n'git help -a' and 'git help -g' list available subcommands and some\nconcept guides. See 'git help <command>' or 'git help <concept>'\nto read about a specific subcommand or concept.\nSee 'git help git' for an overview of the system.\n""
[0m12:47:48.270085 [debug] [MainThread]: STDERR: "b''"
[0m12:47:48.270589 [info ] [MainThread]:  - git [[32mOK found[0m]

[0m12:47:48.271068 [info ] [MainThread]: Connection:
[0m12:47:48.271460 [info ] [MainThread]:   account: QHXIHMQ-NW33914
[0m12:47:48.271876 [info ] [MainThread]:   user: MEENUPRIYAVELAYUDHAN
[0m12:47:48.272257 [info ] [MainThread]:   database: AIRBNB
[0m12:47:48.272618 [info ] [MainThread]:   warehouse: COMPUTE_WH
[0m12:47:48.273073 [info ] [MainThread]:   role: ACCOUNTADMIN
[0m12:47:48.273538 [info ] [MainThread]:   schema: STAGING
[0m12:47:48.274060 [info ] [MainThread]:   authenticator: None
[0m12:47:48.274487 [info ] [MainThread]:   oauth_client_id: None
[0m12:47:48.274929 [info ] [MainThread]:   query_tag: None
[0m12:47:48.275352 [info ] [MainThread]:   client_session_keep_alive: False
[0m12:47:48.275825 [info ] [MainThread]:   host: None
[0m12:47:48.276296 [info ] [MainThread]:   port: None
[0m12:47:48.276831 [info ] [MainThread]:   proxy_host: None
[0m12:47:48.277351 [info ] [MainThread]:   proxy_port: None
[0m12:47:48.277878 [info ] [MainThread]:   protocol: None
[0m12:47:48.278348 [info ] [MainThread]:   connect_retries: 1
[0m12:47:48.278868 [info ] [MainThread]:   connect_timeout: None
[0m12:47:48.279389 [info ] [MainThread]:   retry_on_database_errors: False
[0m12:47:48.279815 [info ] [MainThread]:   retry_all: False
[0m12:47:48.280190 [info ] [MainThread]:   insecure_mode: False
[0m12:47:48.280565 [info ] [MainThread]:   reuse_connections: True
[0m12:47:48.280971 [info ] [MainThread]:   s3_stage_vpce_dns_name: None
[0m12:47:48.281377 [info ] [MainThread]:   workload_identity_provider: None
[0m12:47:48.281935 [info ] [MainThread]:   workload_identity_entra_resource: None
[0m12:47:48.282407 [info ] [MainThread]:   platform_detection_timeout_seconds: 0.0
[0m12:47:48.283350 [info ] [MainThread]: Registered adapter: snowflake=1.12.1
[0m12:47:48.812554 [debug] [MainThread]: Acquiring new snowflake connection 'debug'
[0m12:47:48.816781 [debug] [MainThread]: Using snowflake connection "debug"
[0m12:47:48.817284 [debug] [MainThread]: On debug: select 1 as id
[0m12:47:48.817655 [debug] [MainThread]: Opening a new connection, currently in state init
[0m12:47:50.880010 [debug] [MainThread]: SQL status: SUCCESS 1 in 2.062 seconds
[0m12:47:50.883986 [info ] [MainThread]:   Connection test: [[32mOK connection ok[0m]

[0m12:47:50.886652 [info ] [MainThread]: [32mAll checks passed![0m
[0m12:47:50.888925 [info ] [MainThread]: Your new dbt project "aws_dbt_snowflake_project" was created!
Initialized new project in C:\Users\HP\AWS_DBT_SNOWFLAKE_PROJECT\aws_dbt_snowflake_project\aws_dbt_snowflake_project

For more information on how to configure the profiles.yml file,
please consult the dbt documentation here:

  https://docs.getdbt.com/docs/configure-your-profile

One more thing:

Need help? Don't hesitate to reach out to us via GitHub issues or on Slack:

  https://community.getdbt.com/

Happy modeling!

[0m12:47:50.896017 [debug] [MainThread]: Command `dbt init` succeeded at 12:47:50.895507 after 138.19 seconds
[0m12:47:50.897328 [debug] [MainThread]: Connection 'debug' was left open.
[0m12:47:50.898437 [debug] [MainThread]: On debug: Close
[0m12:47:51.131363 [debug] [MainThread]: Sending event: {'category': 'dbt', 'action': 'invocation', 'label': 'end', 'context': [<snowplow_tracker.self_describing_json.SelfDescribingJson object at 0x0000017D8437CB00>, <snowplow_tracker.self_describing_json.SelfDescribingJson object at 0x0000017DFF505370>, <snowplow_tracker.self_describing_json.SelfDescribingJson object at 0x0000017D862BF8A0>]}
[0m12:47:51.132737 [debug] [MainThread]: Flushing usage events
[0m12:47:51.660617 [debug] [MainThread]: An error was encountered while trying to flush usage events
[0m13:40:49.765037 [debug] [MainThread]: Sending event: {'category': 'dbt', 'action': 'invocation', 'label': 'start', 'context': [<snowplow_tracker.self_describing_json.SelfDescribingJson object at 0x00000289CD74E660>, <snowplow_tracker.self_describing_json.SelfDescribingJson object at 0x00000289CB3411D0>, <snowplow_tracker.self_describing_json.SelfDescribingJson object at 0x00000289D00B79D0>]}


============================== 13:40:49.769026 | ae8c3582-a41b-4803-9455-8c2b7a5119ae ==============================
[0m13:40:49.769026 [info ] [MainThread]: Running with dbt=1.12.5
[0m13:40:49.769652 [debug] [MainThread]: running dbt with arguments {'version_check': 'True', 'no_print': 'None', 'static_parser': 'True', 'target_path': 'None', 'warn_error_options': 'WarnErrorOptionsV2(error=[], warn=[], silence=[])', 'maximum_seed_size_mib': '1', 'printer_width': '80', 'write_json': 'True', 'empty': 'False', 'log_cache_events': 'False', 'introspect': 'True', 'cache_selected_only': 'False', 'fail_fast': 'False', 'debug': 'False', 'log_format': 'default', 'partial_parse': 'True', 'send_anonymous_usage_stats': 'True', 'quiet': 'False', 'warn_error': 'None', 'profiles_dir': 'C:\\Users\\HP\\.dbt', 'indirect_selection': 'eager', 'hints_enabled': 'True', 'use_colors': 'True', 'use_experimental_parser': 'False', 'invocation_command': 'dbt run', 'log_path': 'logs'}
[0m13:40:49.770196 [error] [MainThread]: [[31mERROR[0m]: Encountered an error:
Runtime Error
  No dbt_project.yml found at expected path C:\Users\HP\AWS_DBT_SNOWFLAKE_PROJECT\dbt_project.yml
  Verify that each entry within packages.yml (and their transitive dependencies) contains a file named dbt_project.yml
  
[0m13:40:49.771212 [debug] [MainThread]: Command `dbt run` failed at 13:40:49.771090 after 0.16 seconds
[0m13:40:49.771576 [debug] [MainThread]: Sending event: {'category': 'dbt', 'action': 'invocation', 'label': 'end', 'context': [<snowplow_tracker.self_describing_json.SelfDescribingJson object at 0x00000289CFEEE780>, <snowplow_tracker.self_describing_json.SelfDescribingJson object at 0x00000289D0032D50>, <snowplow_tracker.self_describing_json.SelfDescribingJson object at 0x00000289D0150380>]}
[0m13:40:49.771973 [debug] [MainThread]: Flushing usage events
[0m13:40:50.514964 [debug] [MainThread]: An error was encountered while trying to flush usage events
[0m14:32:40.821401 [debug] [MainThread]: Sending event: {'category': 'dbt', 'action': 'invocation', 'label': 'start', 'context': [<snowplow_tracker.self_describing_json.SelfDescribingJson object at 0x000001F97C53E660>, <snowplow_tracker.self_describing_json.SelfDescribingJson object at 0x000001F97A131310>, <snowplow_tracker.self_describing_json.SelfDescribingJson object at 0x000001F97EEA79D0>]}


============================== 14:32:40.825822 | d5cff493-fa21-480b-ad0c-5ea3df93299a ==============================
[0m14:32:40.825822 [info ] [MainThread]: Running with dbt=1.12.5
[0m14:32:40.826600 [debug] [MainThread]: running dbt with arguments {'static_parser': 'True', 'no_print': 'None', 'maximum_seed_size_mib': '1', 'target_path': 'None', 'version_check': 'True', 'warn_error_options': 'WarnErrorOptionsV2(error=[], warn=[], silence=[])', 'printer_width': '80', 'write_json': 'True', 'introspect': 'True', 'log_cache_events': 'False', 'empty': 'False', 'cache_selected_only': 'False', 'log_format': 'default', 'debug': 'False', 'fail_fast': 'False', 'partial_parse': 'True', 'send_anonymous_usage_stats': 'True', 'quiet': 'False', 'warn_error': 'None', 'profiles_dir': 'C:\\Users\\HP\\.dbt', 'indirect_selection': 'eager', 'hints_enabled': 'True', 'invocation_command': 'dbt run', 'use_experimental_parser': 'False', 'use_colors': 'True', 'log_path': 'logs'}
[0m14:32:40.827137 [error] [MainThread]: [[31mERROR[0m]: Encountered an error:
Runtime Error
  No dbt_project.yml found at expected path C:\Users\HP\AWS_DBT_SNOWFLAKE_PROJECT\dbt_project.yml
  Verify that each entry within packages.yml (and their transitive dependencies) contains a file named dbt_project.yml
  
[0m14:32:40.828244 [debug] [MainThread]: Command `dbt run` failed at 14:32:40.828112 after 0.32 seconds
[0m14:32:40.828617 [debug] [MainThread]: Sending event: {'category': 'dbt', 'action': 'invocation', 'label': 'end', 'context': [<snowplow_tracker.self_describing_json.SelfDescribingJson object at 0x000001F97ECDE780>, <snowplow_tracker.self_describing_json.SelfDescribingJson object at 0x000001F97EE22D50>, <snowplow_tracker.self_describing_json.SelfDescribingJson object at 0x000001F97EF40380>]}
[0m14:32:40.829113 [debug] [MainThread]: Flushing usage events
[0m14:32:41.157421 [debug] [MainThread]: An error was encountered while trying to flush usage events
[0m15:13:29.971068 [debug] [MainThread]: Sending event: {'category': 'dbt', 'action': 'invocation', 'label': 'start', 'context': [<snowplow_tracker.self_describing_json.SelfDescribingJson object at 0x0000018265CAE660>, <snowplow_tracker.self_describing_json.SelfDescribingJson object at 0x00000182638A11D0>, <snowplow_tracker.self_describing_json.SelfDescribingJson object at 0x00000182686139D0>]}


============================== 15:13:29.974970 | a4e4463b-b452-4457-8abb-be2010208f64 ==============================
[0m15:13:29.974970 [info ] [MainThread]: Running with dbt=1.12.5
[0m15:13:29.975607 [debug] [MainThread]: running dbt with arguments {'maximum_seed_size_mib': '1', 'no_print': 'None', 'version_check': 'True', 'warn_error_options': 'WarnErrorOptionsV2(error=[], warn=[], silence=[])', 'target_path': 'None', 'static_parser': 'True', 'printer_width': '80', 'write_json': 'True', 'empty': 'False', 'log_cache_events': 'False', 'introspect': 'True', 'cache_selected_only': 'False', 'fail_fast': 'False', 'debug': 'False', 'log_format': 'default', 'profiles_dir': 'C:\\Users\\HP\\.dbt', 'send_anonymous_usage_stats': 'True', 'quiet': 'False', 'warn_error': 'None', 'partial_parse': 'True', 'invocation_command': 'dbt compile --select bronze_listings', 'hints_enabled': 'True', 'use_colors': 'True', 'use_experimental_parser': 'False', 'indirect_selection': 'eager', 'log_path': 'logs'}
[0m15:13:29.976172 [error] [MainThread]: [[31mERROR[0m]: Encountered an error:
Runtime Error
  No dbt_project.yml found at expected path C:\Users\HP\AWS_DBT_SNOWFLAKE_PROJECT\dbt_project.yml
  Verify that each entry within packages.yml (and their transitive dependencies) contains a file named dbt_project.yml
  
[0m15:13:29.977234 [debug] [MainThread]: Command `dbt compile` failed at 15:13:29.977105 after 0.15 seconds
[0m15:13:29.977639 [debug] [MainThread]: Sending event: {'category': 'dbt', 'action': 'invocation', 'label': 'end', 'context': [<snowplow_tracker.self_describing_json.SelfDescribingJson object at 0x000001826844E780>, <snowplow_tracker.self_describing_json.SelfDescribingJson object at 0x0000018268592D50>, <snowplow_tracker.self_describing_json.SelfDescribingJson object at 0x00000182686B0380>]}
[0m15:13:29.978054 [debug] [MainThread]: Flushing usage events
[0m15:13:30.324247 [debug] [MainThread]: An error was encountered while trying to flush usage events
